[blancosbarbershop.netlify.app/index.html]
[backblue.gif]
[fade.gif]
[index.html]
[blancosbarbershop.netlify.app/css/bootstrap.css]
[blancosbarbershop.netlify.app/fonts/ionicons/css/ionicons.min.css]
[blancosbarbershop.netlify.app/fonts/fontawesome/css/font-awesome.min.css]
[blancosbarbershop.netlify.app/fonts/flaticon/font/flaticon.css]
[blancosbarbershop.netlify.app/css/style.css]
[blancosbarbershop.netlify.app/index-2.html]
[blancosbarbershop.netlify.app/hairstyle.html]
[blancosbarbershop.netlify.app/about.html]
[blancosbarbershop.netlify.app/contact.html]
[blancosbarbershop.netlify.app/images/big_image_1.jpg]
[blancosbarbershop.netlify.app/images/big_image_2.jpg]
[blancosbarbershop.netlify.app/images/img_5.jpg]
[blancosbarbershop.netlify.app/js/jquery-3.2.1.min.js]
[blancosbarbershop.netlify.app/js/popper.min.js]
[blancosbarbershop.netlify.app/js/bootstrap.min.js]
[blancosbarbershop.netlify.app/index.html]
[blancosbarbershop.netlify.app/css/bootstrap.css]
[blancosbarbershop.netlify.app/js/main.js]
[blancosbarbershop.netlify.app/fonts/ionicons/fonts/ionicons28b5.eot]
[blancosbarbershop.netlify.app/fonts/ionicons/fonts/ionicons28b5.ttf]
[blancosbarbershop.netlify.app/fonts/ionicons/fonts/ionicons28b5.woff]
[blancosbarbershop.netlify.app/fonts/ionicons/css/ionicons.min.css]
[blancosbarbershop.netlify.app/fonts/ionicons/fonts/ionicons28b5.svg]
[blancosbarbershop.netlify.app/fonts/fontawesome/fonts/fontawesome-webfont3e6e.eot]
[blancosbarbershop.netlify.app/fonts/fontawesome/fonts/fontawesome-webfontd41d.eot]
[blancosbarbershop.netlify.app/fonts/fontawesome/fonts/fontawesome-webfont3e6e.woff2]
[blancosbarbershop.netlify.app/fonts/fontawesome/fonts/fontawesome-webfont3e6e.woff]
[blancosbarbershop.netlify.app/fonts/fontawesome/fonts/fontawesome-webfont3e6e.ttf]
[blancosbarbershop.netlify.app/fonts/fontawesome/css/font-awesome.min.css]
[blancosbarbershop.netlify.app/fonts/fontawesome/fonts/fontawesome-webfont3e6e.svg]
[blancosbarbershop.netlify.app/fonts/flaticon/font/Flaticon.eot]
[blancosbarbershop.netlify.app/fonts/flaticon/font/Flaticond41d.eot]
[blancosbarbershop.netlify.app/fonts/flaticon/font/Flaticon.woff]
[blancosbarbershop.netlify.app/fonts/flaticon/font/Flaticon.ttf]
[blancosbarbershop.netlify.app/fonts/flaticon/font/flaticon.css]
[blancosbarbershop.netlify.app/css/style.css]
[blancosbarbershop.netlify.app/index-2.html]
[blancosbarbershop.netlify.app/fonts/flaticon/font/Flaticon.svg]
[blancosbarbershop.netlify.app/images/img_3.jpg]
[blancosbarbershop.netlify.app/images/img_2.jpg]
[blancosbarbershop.netlify.app/images/img_1.jpg]
[blancosbarbershop.netlify.app/images/img_4.jpg]
[blancosbarbershop.netlify.app/images/img_6.jpg]
[blancosbarbershop.netlify.app/hairstyle.html]
[blancosbarbershop.netlify.app/images/img_7.jpg]
[blancosbarbershop.netlify.app/images/img_8.jpg]
[blancosbarbershop.netlify.app/about.html]
[blancosbarbershop.netlify.app/js/contactValidation.js]
[blancosbarbershop.netlify.app/contact.html]
[blancosbarbershop.netlify.app/fonts/ionicons/fonts/ionicons28b5.svg]
[blancosbarbershop.netlify.app/fonts/fontawesome/fonts/fontawesome-webfont3e6e.svg]
[blancosbarbershop.netlify.app/fonts/flaticon/font/Flaticon.svg]
